[     163ms] [INFO] %cDownload the React DevTools for a better development experience: https://reactjs.org/link/react-devtools font-weight:bold @ http://localhost:5173/node_modules/.vite/deps/chunk-XQLYTHWV.js?v=46889e64:21550
[     225ms] [WARNING] ⚠️ React Router Future Flag Warning: React Router will begin wrapping state updates in `React.startTransition` in v7. You can use the `v7_startTransition` future flag to opt-in early. For more information, see https://reactrouter.com/v6/upgrading/future#v7_starttransition. @ http://localhost:5173/node_modules/.vite/deps/react-router-dom.js?v=46889e64:4435
[     225ms] [WARNING] ⚠️ React Router Future Flag Warning: Relative route resolution within Splat routes is changing in v7. You can use the `v7_relativeSplatPath` future flag to opt-in early. For more information, see https://reactrouter.com/v6/upgrading/future#v7_relativesplatpath. @ http://localhost:5173/node_modules/.vite/deps/react-router-dom.js?v=46889e64:4435
[     302ms] [ERROR] Failed to load resource: net::ERR_NAME_NOT_RESOLVED @ http://v1/notifications/stream:0
[    3315ms] [ERROR] Failed to load resource: net::ERR_NAME_NOT_RESOLVED @ http://v1/notifications/stream:0
[    6329ms] [ERROR] Failed to load resource: net::ERR_NAME_NOT_RESOLVED @ http://v1/notifications/stream:0
[    9350ms] [ERROR] Failed to load resource: net::ERR_NAME_NOT_RESOLVED @ http://v1/notifications/stream:0
[   12374ms] [ERROR] Failed to load resource: net::ERR_NAME_NOT_RESOLVED @ http://v1/notifications/stream:0
[   15386ms] [ERROR] Failed to load resource: net::ERR_NAME_NOT_RESOLVED @ http://v1/notifications/stream:0
[   18398ms] [ERROR] Failed to load resource: net::ERR_NAME_NOT_RESOLVED @ http://v1/notifications/stream:0
[   21416ms] [ERROR] Failed to load resource: net::ERR_NAME_NOT_RESOLVED @ http://v1/notifications/stream:0
[   24428ms] [ERROR] Failed to load resource: net::ERR_NAME_NOT_RESOLVED @ http://v1/notifications/stream:0
[   27454ms] [ERROR] Failed to load resource: net::ERR_NAME_NOT_RESOLVED @ http://v1/notifications/stream:0
[   30465ms] [ERROR] Failed to load resource: net::ERR_NAME_NOT_RESOLVED @ http://v1/notifications/stream:0
[   33483ms] [ERROR] Failed to load resource: net::ERR_NAME_NOT_RESOLVED @ http://v1/notifications/stream:0
[   36501ms] [ERROR] Failed to load resource: net::ERR_NAME_NOT_RESOLVED @ http://v1/notifications/stream:0
[   39514ms] [ERROR] Failed to load resource: net::ERR_NAME_NOT_RESOLVED @ http://v1/notifications/stream:0
[   42527ms] [ERROR] Failed to load resource: net::ERR_NAME_NOT_RESOLVED @ http://v1/notifications/stream:0
[   45540ms] [ERROR] Failed to load resource: net::ERR_NAME_NOT_RESOLVED @ http://v1/notifications/stream:0
[   48557ms] [ERROR] Failed to load resource: net::ERR_NAME_NOT_RESOLVED @ http://v1/notifications/stream:0
[   51574ms] [ERROR] Failed to load resource: net::ERR_NAME_NOT_RESOLVED @ http://v1/notifications/stream:0
[   54587ms] [ERROR] Failed to load resource: net::ERR_NAME_NOT_RESOLVED @ http://v1/notifications/stream:0
[   57605ms] [ERROR] Failed to load resource: net::ERR_NAME_NOT_RESOLVED @ http://v1/notifications/stream:0
[   60617ms] [ERROR] Failed to load resource: net::ERR_NAME_NOT_RESOLVED @ http://v1/notifications/stream:0
[   63639ms] [ERROR] Failed to load resource: net::ERR_NAME_NOT_RESOLVED @ http://v1/notifications/stream:0
[   66649ms] [ERROR] Failed to load resource: net::ERR_NAME_NOT_RESOLVED @ http://v1/notifications/stream:0
[   69662ms] [ERROR] Failed to load resource: net::ERR_NAME_NOT_RESOLVED @ http://v1/notifications/stream:0
[   72680ms] [ERROR] Failed to load resource: net::ERR_NAME_NOT_RESOLVED @ http://v1/notifications/stream:0
[   75710ms] [ERROR] Failed to load resource: net::ERR_NAME_NOT_RESOLVED @ http://v1/notifications/stream:0
[   78728ms] [ERROR] Failed to load resource: net::ERR_NAME_NOT_RESOLVED @ http://v1/notifications/stream:0
[   81739ms] [ERROR] Failed to load resource: net::ERR_NAME_NOT_RESOLVED @ http://v1/notifications/stream:0
[   84770ms] [ERROR] Failed to load resource: net::ERR_NAME_NOT_RESOLVED @ http://v1/notifications/stream:0
[   87791ms] [ERROR] Failed to load resource: net::ERR_NAME_NOT_RESOLVED @ http://v1/notifications/stream:0
[   90805ms] [ERROR] Failed to load resource: net::ERR_NAME_NOT_RESOLVED @ http://v1/notifications/stream:0
[   93816ms] [ERROR] Failed to load resource: net::ERR_NAME_NOT_RESOLVED @ http://v1/notifications/stream:0
[   96831ms] [ERROR] Failed to load resource: net::ERR_NAME_NOT_RESOLVED @ http://v1/notifications/stream:0
[   99850ms] [ERROR] Failed to load resource: net::ERR_NAME_NOT_RESOLVED @ http://v1/notifications/stream:0
[  102864ms] [ERROR] Failed to load resource: net::ERR_NAME_NOT_RESOLVED @ http://v1/notifications/stream:0
[  105885ms] [ERROR] Failed to load resource: net::ERR_NAME_NOT_RESOLVED @ http://v1/notifications/stream:0
[  108902ms] [ERROR] Failed to load resource: net::ERR_NAME_NOT_RESOLVED @ http://v1/notifications/stream:0
[  111920ms] [ERROR] Failed to load resource: net::ERR_NAME_NOT_RESOLVED @ http://v1/notifications/stream:0
[  114942ms] [ERROR] Failed to load resource: net::ERR_NAME_NOT_RESOLVED @ http://v1/notifications/stream:0
[  117964ms] [ERROR] Failed to load resource: net::ERR_NAME_NOT_RESOLVED @ http://v1/notifications/stream:0
[  120987ms] [ERROR] Failed to load resource: net::ERR_NAME_NOT_RESOLVED @ http://v1/notifications/stream:0
[  124000ms] [ERROR] Failed to load resource: net::ERR_NAME_NOT_RESOLVED @ http://v1/notifications/stream:0
[  127022ms] [ERROR] Failed to load resource: net::ERR_NAME_NOT_RESOLVED @ http://v1/notifications/stream:0
[  130043ms] [ERROR] Failed to load resource: net::ERR_NAME_NOT_RESOLVED @ http://v1/notifications/stream:0
[  133053ms] [ERROR] Failed to load resource: net::ERR_NAME_NOT_RESOLVED @ http://v1/notifications/stream:0
[  136067ms] [ERROR] Failed to load resource: net::ERR_NAME_NOT_RESOLVED @ http://v1/notifications/stream:0
[  139081ms] [ERROR] Failed to load resource: net::ERR_NAME_NOT_RESOLVED @ http://v1/notifications/stream:0
[  142096ms] [ERROR] Failed to load resource: net::ERR_NAME_NOT_RESOLVED @ http://v1/notifications/stream:0
[  145118ms] [ERROR] Failed to load resource: net::ERR_NAME_NOT_RESOLVED @ http://v1/notifications/stream:0
[  148141ms] [ERROR] Failed to load resource: net::ERR_NAME_NOT_RESOLVED @ http://v1/notifications/stream:0
[  151159ms] [ERROR] Failed to load resource: net::ERR_NAME_NOT_RESOLVED @ http://v1/notifications/stream:0
[  154185ms] [ERROR] Failed to load resource: net::ERR_NAME_NOT_RESOLVED @ http://v1/notifications/stream:0
[  157205ms] [ERROR] Failed to load resource: net::ERR_NAME_NOT_RESOLVED @ http://v1/notifications/stream:0
[  160223ms] [ERROR] Failed to load resource: net::ERR_NAME_NOT_RESOLVED @ http://v1/notifications/stream:0
[  163240ms] [ERROR] Failed to load resource: net::ERR_NAME_NOT_RESOLVED @ http://v1/notifications/stream:0
[  166254ms] [ERROR] Failed to load resource: net::ERR_NAME_NOT_RESOLVED @ http://v1/notifications/stream:0
[  169276ms] [ERROR] Failed to load resource: net::ERR_NAME_NOT_RESOLVED @ http://v1/notifications/stream:0
[  172295ms] [ERROR] Failed to load resource: net::ERR_NAME_NOT_RESOLVED @ http://v1/notifications/stream:0
[  175317ms] [ERROR] Failed to load resource: net::ERR_NAME_NOT_RESOLVED @ http://v1/notifications/stream:0
[  178339ms] [ERROR] Failed to load resource: net::ERR_NAME_NOT_RESOLVED @ http://v1/notifications/stream:0
[  181352ms] [ERROR] Failed to load resource: net::ERR_NAME_NOT_RESOLVED @ http://v1/notifications/stream:0
[  184374ms] [ERROR] Failed to load resource: net::ERR_NAME_NOT_RESOLVED @ http://v1/notifications/stream:0
[  187393ms] [ERROR] Failed to load resource: net::ERR_NAME_NOT_RESOLVED @ http://v1/notifications/stream:0
[  190406ms] [ERROR] Failed to load resource: net::ERR_NAME_NOT_RESOLVED @ http://v1/notifications/stream:0
[  193417ms] [ERROR] Failed to load resource: net::ERR_NAME_NOT_RESOLVED @ http://v1/notifications/stream:0
[  196429ms] [ERROR] Failed to load resource: net::ERR_NAME_NOT_RESOLVED @ http://v1/notifications/stream:0
[  199450ms] [ERROR] Failed to load resource: net::ERR_NAME_NOT_RESOLVED @ http://v1/notifications/stream:0
[  202467ms] [ERROR] Failed to load resource: net::ERR_NAME_NOT_RESOLVED @ http://v1/notifications/stream:0
[  205485ms] [ERROR] Failed to load resource: net::ERR_NAME_NOT_RESOLVED @ http://v1/notifications/stream:0
[  208503ms] [ERROR] Failed to load resource: net::ERR_NAME_NOT_RESOLVED @ http://v1/notifications/stream:0
[  211516ms] [ERROR] Failed to load resource: net::ERR_NAME_NOT_RESOLVED @ http://v1/notifications/stream:0
[  214531ms] [ERROR] Failed to load resource: net::ERR_NAME_NOT_RESOLVED @ http://v1/notifications/stream:0
[  217554ms] [ERROR] Failed to load resource: net::ERR_NAME_NOT_RESOLVED @ http://v1/notifications/stream:0
[  220575ms] [ERROR] Failed to load resource: net::ERR_NAME_NOT_RESOLVED @ http://v1/notifications/stream:0
[  223597ms] [ERROR] Failed to load resource: net::ERR_NAME_NOT_RESOLVED @ http://v1/notifications/stream:0
[  226619ms] [ERROR] Failed to load resource: net::ERR_NAME_NOT_RESOLVED @ http://v1/notifications/stream:0
[  229641ms] [ERROR] Failed to load resource: net::ERR_NAME_NOT_RESOLVED @ http://v1/notifications/stream:0
[  232668ms] [ERROR] Failed to load resource: net::ERR_NAME_NOT_RESOLVED @ http://v1/notifications/stream:0
[  235690ms] [ERROR] Failed to load resource: net::ERR_NAME_NOT_RESOLVED @ http://v1/notifications/stream:0
[  238703ms] [ERROR] Failed to load resource: net::ERR_NAME_NOT_RESOLVED @ http://v1/notifications/stream:0
[  241728ms] [ERROR] Failed to load resource: net::ERR_NAME_NOT_RESOLVED @ http://v1/notifications/stream:0
[  244754ms] [ERROR] Failed to load resource: net::ERR_NAME_NOT_RESOLVED @ http://v1/notifications/stream:0
[  247772ms] [ERROR] Failed to load resource: net::ERR_NAME_NOT_RESOLVED @ http://v1/notifications/stream:0
[  250790ms] [ERROR] Failed to load resource: net::ERR_NAME_NOT_RESOLVED @ http://v1/notifications/stream:0
[  253803ms] [ERROR] Failed to load resource: net::ERR_NAME_NOT_RESOLVED @ http://v1/notifications/stream:0
[  256825ms] [ERROR] Failed to load resource: net::ERR_NAME_NOT_RESOLVED @ http://v1/notifications/stream:0
[  259844ms] [ERROR] Failed to load resource: net::ERR_NAME_NOT_RESOLVED @ http://v1/notifications/stream:0
[  262861ms] [ERROR] Failed to load resource: net::ERR_NAME_NOT_RESOLVED @ http://v1/notifications/stream:0
[  265879ms] [ERROR] Failed to load resource: net::ERR_NAME_NOT_RESOLVED @ http://v1/notifications/stream:0
[  268892ms] [ERROR] Failed to load resource: net::ERR_NAME_NOT_RESOLVED @ http://v1/notifications/stream:0
[  271915ms] [ERROR] Failed to load resource: net::ERR_NAME_NOT_RESOLVED @ http://v1/notifications/stream:0
[  274927ms] [ERROR] Failed to load resource: net::ERR_NAME_NOT_RESOLVED @ http://v1/notifications/stream:0
[  277951ms] [ERROR] Failed to load resource: net::ERR_NAME_NOT_RESOLVED @ http://v1/notifications/stream:0
[  280973ms] [ERROR] Failed to load resource: net::ERR_NAME_NOT_RESOLVED @ http://v1/notifications/stream:0
[  283995ms] [ERROR] Failed to load resource: net::ERR_NAME_NOT_RESOLVED @ http://v1/notifications/stream:0
[  287013ms] [ERROR] Failed to load resource: net::ERR_NAME_NOT_RESOLVED @ http://v1/notifications/stream:0
[  290026ms] [ERROR] Failed to load resource: net::ERR_NAME_NOT_RESOLVED @ http://v1/notifications/stream:0
[  293042ms] [ERROR] Failed to load resource: net::ERR_NAME_NOT_RESOLVED @ http://v1/notifications/stream:0
[  296059ms] [ERROR] Failed to load resource: net::ERR_NAME_NOT_RESOLVED @ http://v1/notifications/stream:0
[  299073ms] [ERROR] Failed to load resource: net::ERR_NAME_NOT_RESOLVED @ http://v1/notifications/stream:0
[  302095ms] [ERROR] Failed to load resource: net::ERR_NAME_NOT_RESOLVED @ http://v1/notifications/stream:0
[  305115ms] [ERROR] Failed to load resource: net::ERR_NAME_NOT_RESOLVED @ http://v1/notifications/stream:0
[  308137ms] [ERROR] Failed to load resource: net::ERR_NAME_NOT_RESOLVED @ http://v1/notifications/stream:0
[  311159ms] [ERROR] Failed to load resource: net::ERR_NAME_NOT_RESOLVED @ http://v1/notifications/stream:0
[  314171ms] [ERROR] Failed to load resource: net::ERR_NAME_NOT_RESOLVED @ http://v1/notifications/stream:0
[  317192ms] [ERROR] Failed to load resource: net::ERR_NAME_NOT_RESOLVED @ http://v1/notifications/stream:0
[  320215ms] [ERROR] Failed to load resource: net::ERR_NAME_NOT_RESOLVED @ http://v1/notifications/stream:0
[  323236ms] [ERROR] Failed to load resource: net::ERR_NAME_NOT_RESOLVED @ http://v1/notifications/stream:0
[  326257ms] [ERROR] Failed to load resource: net::ERR_NAME_NOT_RESOLVED @ http://v1/notifications/stream:0
[  329274ms] [ERROR] Failed to load resource: net::ERR_NAME_NOT_RESOLVED @ http://v1/notifications/stream:0
[  332291ms] [ERROR] Failed to load resource: net::ERR_NAME_NOT_RESOLVED @ http://v1/notifications/stream:0
[  335309ms] [ERROR] Failed to load resource: net::ERR_NAME_NOT_RESOLVED @ http://v1/notifications/stream:0
[  338328ms] [ERROR] Failed to load resource: net::ERR_NAME_NOT_RESOLVED @ http://v1/notifications/stream:0
[  341345ms] [ERROR] Failed to load resource: net::ERR_NAME_NOT_RESOLVED @ http://v1/notifications/stream:0
[  344363ms] [ERROR] Failed to load resource: net::ERR_NAME_NOT_RESOLVED @ http://v1/notifications/stream:0
[  347380ms] [ERROR] Failed to load resource: net::ERR_NAME_NOT_RESOLVED @ http://v1/notifications/stream:0
[  350393ms] [ERROR] Failed to load resource: net::ERR_NAME_NOT_RESOLVED @ http://v1/notifications/stream:0
[  353411ms] [ERROR] Failed to load resource: net::ERR_NAME_NOT_RESOLVED @ http://v1/notifications/stream:0
[  356431ms] [ERROR] Failed to load resource: net::ERR_NAME_NOT_RESOLVED @ http://v1/notifications/stream:0
[  359445ms] [ERROR] Failed to load resource: net::ERR_NAME_NOT_RESOLVED @ http://v1/notifications/stream:0
[  362466ms] [ERROR] Failed to load resource: net::ERR_NAME_NOT_RESOLVED @ http://v1/notifications/stream:0
[  365488ms] [ERROR] Failed to load resource: net::ERR_NAME_NOT_RESOLVED @ http://v1/notifications/stream:0
[  368507ms] [ERROR] Failed to load resource: net::ERR_NAME_NOT_RESOLVED @ http://v1/notifications/stream:0
[  371526ms] [ERROR] Failed to load resource: net::ERR_NAME_NOT_RESOLVED @ http://v1/notifications/stream:0
[  374548ms] [ERROR] Failed to load resource: net::ERR_NAME_NOT_RESOLVED @ http://v1/notifications/stream:0
[  377571ms] [ERROR] Failed to load resource: net::ERR_NAME_NOT_RESOLVED @ http://v1/notifications/stream:0
[  380583ms] [ERROR] Failed to load resource: net::ERR_NAME_NOT_RESOLVED @ http://v1/notifications/stream:0
[  383599ms] [ERROR] Failed to load resource: net::ERR_NAME_NOT_RESOLVED @ http://v1/notifications/stream:0
[  386617ms] [ERROR] Failed to load resource: net::ERR_NAME_NOT_RESOLVED @ http://v1/notifications/stream:0
[  389639ms] [ERROR] Failed to load resource: net::ERR_NAME_NOT_RESOLVED @ http://v1/notifications/stream:0
[  392657ms] [ERROR] Failed to load resource: net::ERR_NAME_NOT_RESOLVED @ http://v1/notifications/stream:0
[  395673ms] [ERROR] Failed to load resource: net::ERR_NAME_NOT_RESOLVED @ http://v1/notifications/stream:0
[  398691ms] [ERROR] Failed to load resource: net::ERR_NAME_NOT_RESOLVED @ http://v1/notifications/stream:0
[  401710ms] [ERROR] Failed to load resource: net::ERR_NAME_NOT_RESOLVED @ http://v1/notifications/stream:0
[  404730ms] [ERROR] Failed to load resource: net::ERR_NAME_NOT_RESOLVED @ http://v1/notifications/stream:0
[  407746ms] [ERROR] Failed to load resource: net::ERR_NAME_NOT_RESOLVED @ http://v1/notifications/stream:0
[  410765ms] [ERROR] Failed to load resource: net::ERR_NAME_NOT_RESOLVED @ http://v1/notifications/stream:0
[  413787ms] [ERROR] Failed to load resource: net::ERR_NAME_NOT_RESOLVED @ http://v1/notifications/stream:0
[  416801ms] [ERROR] Failed to load resource: net::ERR_NAME_NOT_RESOLVED @ http://v1/notifications/stream:0
[  419814ms] [ERROR] Failed to load resource: net::ERR_NAME_NOT_RESOLVED @ http://v1/notifications/stream:0
[  422826ms] [ERROR] Failed to load resource: net::ERR_NAME_NOT_RESOLVED @ http://v1/notifications/stream:0
[  425846ms] [ERROR] Failed to load resource: net::ERR_NAME_NOT_RESOLVED @ http://v1/notifications/stream:0
[  428864ms] [ERROR] Failed to load resource: net::ERR_NAME_NOT_RESOLVED @ http://v1/notifications/stream:0
[  431889ms] [ERROR] Failed to load resource: net::ERR_NAME_NOT_RESOLVED @ http://v1/notifications/stream:0
[  434909ms] [ERROR] Failed to load resource: net::ERR_NAME_NOT_RESOLVED @ http://v1/notifications/stream:0
[  437927ms] [ERROR] Failed to load resource: net::ERR_NAME_NOT_RESOLVED @ http://v1/notifications/stream:0
[  440950ms] [ERROR] Failed to load resource: net::ERR_NAME_NOT_RESOLVED @ http://v1/notifications/stream:0
[  443964ms] [ERROR] Failed to load resource: net::ERR_NAME_NOT_RESOLVED @ http://v1/notifications/stream:0
[  446989ms] [ERROR] Failed to load resource: net::ERR_NAME_NOT_RESOLVED @ http://v1/notifications/stream:0
[  450013ms] [ERROR] Failed to load resource: net::ERR_NAME_NOT_RESOLVED @ http://v1/notifications/stream:0
[  453032ms] [ERROR] Failed to load resource: net::ERR_NAME_NOT_RESOLVED @ http://v1/notifications/stream:0
[  456053ms] [ERROR] Failed to load resource: net::ERR_NAME_NOT_RESOLVED @ http://v1/notifications/stream:0
[  459079ms] [ERROR] Failed to load resource: net::ERR_NAME_NOT_RESOLVED @ http://v1/notifications/stream:0
[  462102ms] [ERROR] Failed to load resource: net::ERR_NAME_NOT_RESOLVED @ http://v1/notifications/stream:0
[  465125ms] [ERROR] Failed to load resource: net::ERR_NAME_NOT_RESOLVED @ http://v1/notifications/stream:0
[  468143ms] [ERROR] Failed to load resource: net::ERR_NAME_NOT_RESOLVED @ http://v1/notifications/stream:0
[  471162ms] [ERROR] Failed to load resource: net::ERR_NAME_NOT_RESOLVED @ http://v1/notifications/stream:0
[  474180ms] [ERROR] Failed to load resource: net::ERR_NAME_NOT_RESOLVED @ http://v1/notifications/stream:0
[  477202ms] [ERROR] Failed to load resource: net::ERR_NAME_NOT_RESOLVED @ http://v1/notifications/stream:0
[  480225ms] [ERROR] Failed to load resource: net::ERR_NAME_NOT_RESOLVED @ http://v1/notifications/stream:0
[  483248ms] [ERROR] Failed to load resource: net::ERR_NAME_NOT_RESOLVED @ http://v1/notifications/stream:0
[  486266ms] [ERROR] Failed to load resource: net::ERR_NAME_NOT_RESOLVED @ http://v1/notifications/stream:0
[  489285ms] [ERROR] Failed to load resource: net::ERR_NAME_NOT_RESOLVED @ http://v1/notifications/stream:0
[  492308ms] [ERROR] Failed to load resource: net::ERR_NAME_NOT_RESOLVED @ http://v1/notifications/stream:0
[  495330ms] [ERROR] Failed to load resource: net::ERR_NAME_NOT_RESOLVED @ http://v1/notifications/stream:0
[  498355ms] [ERROR] Failed to load resource: net::ERR_NAME_NOT_RESOLVED @ http://v1/notifications/stream:0
[  501368ms] [ERROR] Failed to load resource: net::ERR_NAME_NOT_RESOLVED @ http://v1/notifications/stream:0
[  504382ms] [ERROR] Failed to load resource: net::ERR_NAME_NOT_RESOLVED @ http://v1/notifications/stream:0
[  507404ms] [ERROR] Failed to load resource: net::ERR_NAME_NOT_RESOLVED @ http://v1/notifications/stream:0
[  510418ms] [ERROR] Failed to load resource: net::ERR_NAME_NOT_RESOLVED @ http://v1/notifications/stream:0
[  513438ms] [ERROR] Failed to load resource: net::ERR_NAME_NOT_RESOLVED @ http://v1/notifications/stream:0
[  516456ms] [ERROR] Failed to load resource: net::ERR_NAME_NOT_RESOLVED @ http://v1/notifications/stream:0
[  519480ms] [ERROR] Failed to load resource: net::ERR_NAME_NOT_RESOLVED @ http://v1/notifications/stream:0
[  522504ms] [ERROR] Failed to load resource: net::ERR_NAME_NOT_RESOLVED @ http://v1/notifications/stream:0
[  525523ms] [ERROR] Failed to load resource: net::ERR_NAME_NOT_RESOLVED @ http://v1/notifications/stream:0
[  528541ms] [ERROR] Failed to load resource: net::ERR_NAME_NOT_RESOLVED @ http://v1/notifications/stream:0
[  531563ms] [ERROR] Failed to load resource: net::ERR_NAME_NOT_RESOLVED @ http://v1/notifications/stream:0
[  534586ms] [ERROR] Failed to load resource: net::ERR_NAME_NOT_RESOLVED @ http://v1/notifications/stream:0
[  537610ms] [ERROR] Failed to load resource: net::ERR_NAME_NOT_RESOLVED @ http://v1/notifications/stream:0
[  540632ms] [ERROR] Failed to load resource: net::ERR_NAME_NOT_RESOLVED @ http://v1/notifications/stream:0
[  543656ms] [ERROR] Failed to load resource: net::ERR_NAME_NOT_RESOLVED @ http://v1/notifications/stream:0
[  546678ms] [ERROR] Failed to load resource: net::ERR_NAME_NOT_RESOLVED @ http://v1/notifications/stream:0
[  549700ms] [ERROR] Failed to load resource: net::ERR_NAME_NOT_RESOLVED @ http://v1/notifications/stream:0
[  552733ms] [ERROR] Failed to load resource: net::ERR_NAME_NOT_RESOLVED @ http://v1/notifications/stream:0
[  555747ms] [ERROR] Failed to load resource: net::ERR_NAME_NOT_RESOLVED @ http://v1/notifications/stream:0
[  558772ms] [ERROR] Failed to load resource: net::ERR_NAME_NOT_RESOLVED @ http://v1/notifications/stream:0
[  561790ms] [ERROR] Failed to load resource: net::ERR_NAME_NOT_RESOLVED @ http://v1/notifications/stream:0
[  564810ms] [ERROR] Failed to load resource: net::ERR_NAME_NOT_RESOLVED @ http://v1/notifications/stream:0
[  567835ms] [ERROR] Failed to load resource: net::ERR_NAME_NOT_RESOLVED @ http://v1/notifications/stream:0
[  570856ms] [ERROR] Failed to load resource: net::ERR_NAME_NOT_RESOLVED @ http://v1/notifications/stream:0
[  573869ms] [ERROR] Failed to load resource: net::ERR_NAME_NOT_RESOLVED @ http://v1/notifications/stream:0
[  576892ms] [ERROR] Failed to load resource: net::ERR_NAME_NOT_RESOLVED @ http://v1/notifications/stream:0
[  579910ms] [ERROR] Failed to load resource: net::ERR_NAME_NOT_RESOLVED @ http://v1/notifications/stream:0
[  582933ms] [ERROR] Failed to load resource: net::ERR_NAME_NOT_RESOLVED @ http://v1/notifications/stream:0
[  585956ms] [ERROR] Failed to load resource: net::ERR_NAME_NOT_RESOLVED @ http://v1/notifications/stream:0
[  588974ms] [ERROR] Failed to load resource: net::ERR_NAME_NOT_RESOLVED @ http://v1/notifications/stream:0
[  591989ms] [ERROR] Failed to load resource: net::ERR_NAME_NOT_RESOLVED @ http://v1/notifications/stream:0
[  595007ms] [ERROR] Failed to load resource: net::ERR_NAME_NOT_RESOLVED @ http://v1/notifications/stream:0
[  598021ms] [ERROR] Failed to load resource: net::ERR_NAME_NOT_RESOLVED @ http://v1/notifications/stream:0
[  601035ms] [ERROR] Failed to load resource: net::ERR_NAME_NOT_RESOLVED @ http://v1/notifications/stream:0
[  604053ms] [ERROR] Failed to load resource: net::ERR_NAME_NOT_RESOLVED @ http://v1/notifications/stream:0
[  607070ms] [ERROR] Failed to load resource: net::ERR_NAME_NOT_RESOLVED @ http://v1/notifications/stream:0
[  610085ms] [ERROR] Failed to load resource: net::ERR_NAME_NOT_RESOLVED @ http://v1/notifications/stream:0
[  613099ms] [ERROR] Failed to load resource: net::ERR_NAME_NOT_RESOLVED @ http://v1/notifications/stream:0
[  616118ms] [ERROR] Failed to load resource: net::ERR_NAME_NOT_RESOLVED @ http://v1/notifications/stream:0
[  619142ms] [ERROR] Failed to load resource: net::ERR_NAME_NOT_RESOLVED @ http://v1/notifications/stream:0
[  622163ms] [ERROR] Failed to load resource: net::ERR_NAME_NOT_RESOLVED @ http://v1/notifications/stream:0
[  625190ms] [ERROR] Failed to load resource: net::ERR_NAME_NOT_RESOLVED @ http://v1/notifications/stream:0
[  628208ms] [ERROR] Failed to load resource: net::ERR_NAME_NOT_RESOLVED @ http://v1/notifications/stream:0
[  631231ms] [ERROR] Failed to load resource: net::ERR_NAME_NOT_RESOLVED @ http://v1/notifications/stream:0
[  634252ms] [ERROR] Failed to load resource: net::ERR_NAME_NOT_RESOLVED @ http://v1/notifications/stream:0
[  637275ms] [ERROR] Failed to load resource: net::ERR_NAME_NOT_RESOLVED @ http://v1/notifications/stream:0
[  640291ms] [ERROR] Failed to load resource: net::ERR_NAME_NOT_RESOLVED @ http://v1/notifications/stream:0
[  643310ms] [ERROR] Failed to load resource: net::ERR_NAME_NOT_RESOLVED @ http://v1/notifications/stream:0
[  646328ms] [ERROR] Failed to load resource: net::ERR_NAME_NOT_RESOLVED @ http://v1/notifications/stream:0
[  649352ms] [ERROR] Failed to load resource: net::ERR_NAME_NOT_RESOLVED @ http://v1/notifications/stream:0
[  652367ms] [ERROR] Failed to load resource: net::ERR_NAME_NOT_RESOLVED @ http://v1/notifications/stream:0
[  655378ms] [ERROR] Failed to load resource: net::ERR_NAME_NOT_RESOLVED @ http://v1/notifications/stream:0
[  658400ms] [ERROR] Failed to load resource: net::ERR_NAME_NOT_RESOLVED @ http://v1/notifications/stream:0
[  661420ms] [ERROR] Failed to load resource: net::ERR_NAME_NOT_RESOLVED @ http://v1/notifications/stream:0
[  664433ms] [ERROR] Failed to load resource: net::ERR_NAME_NOT_RESOLVED @ http://v1/notifications/stream:0
[  667449ms] [ERROR] Failed to load resource: net::ERR_NAME_NOT_RESOLVED @ http://v1/notifications/stream:0
[  670468ms] [ERROR] Failed to load resource: net::ERR_NAME_NOT_RESOLVED @ http://v1/notifications/stream:0
[  673490ms] [ERROR] Failed to load resource: net::ERR_NAME_NOT_RESOLVED @ http://v1/notifications/stream:0
[  676508ms] [ERROR] Failed to load resource: net::ERR_NAME_NOT_RESOLVED @ http://v1/notifications/stream:0
[  679526ms] [ERROR] Failed to load resource: net::ERR_NAME_NOT_RESOLVED @ http://v1/notifications/stream:0
[  682537ms] [ERROR] Failed to load resource: net::ERR_NAME_NOT_RESOLVED @ http://v1/notifications/stream:0
[  685550ms] [ERROR] Failed to load resource: net::ERR_NAME_NOT_RESOLVED @ http://v1/notifications/stream:0
[  688569ms] [ERROR] Failed to load resource: net::ERR_NAME_NOT_RESOLVED @ http://v1/notifications/stream:0
[  691591ms] [ERROR] Failed to load resource: net::ERR_NAME_NOT_RESOLVED @ http://v1/notifications/stream:0
[  694610ms] [ERROR] Failed to load resource: net::ERR_NAME_NOT_RESOLVED @ http://v1/notifications/stream:0
[  697628ms] [ERROR] Failed to load resource: net::ERR_NAME_NOT_RESOLVED @ http://v1/notifications/stream:0
[  700652ms] [ERROR] Failed to load resource: net::ERR_NAME_NOT_RESOLVED @ http://v1/notifications/stream:0
[  703678ms] [ERROR] Failed to load resource: net::ERR_NAME_NOT_RESOLVED @ http://v1/notifications/stream:0
[  706692ms] [ERROR] Failed to load resource: net::ERR_NAME_NOT_RESOLVED @ http://v1/notifications/stream:0
[  709706ms] [ERROR] Failed to load resource: net::ERR_NAME_NOT_RESOLVED @ http://v1/notifications/stream:0
[  712732ms] [ERROR] Failed to load resource: net::ERR_NAME_NOT_RESOLVED @ http://v1/notifications/stream:0
[  715754ms] [ERROR] Failed to load resource: net::ERR_NAME_NOT_RESOLVED @ http://v1/notifications/stream:0
[  718765ms] [ERROR] Failed to load resource: net::ERR_NAME_NOT_RESOLVED @ http://v1/notifications/stream:0
[  721787ms] [ERROR] Failed to load resource: net::ERR_NAME_NOT_RESOLVED @ http://v1/notifications/stream:0
[  724800ms] [ERROR] Failed to load resource: net::ERR_NAME_NOT_RESOLVED @ http://v1/notifications/stream:0
[  727818ms] [ERROR] Failed to load resource: net::ERR_NAME_NOT_RESOLVED @ http://v1/notifications/stream:0
[  730831ms] [ERROR] Failed to load resource: net::ERR_NAME_NOT_RESOLVED @ http://v1/notifications/stream:0
[  733854ms] [ERROR] Failed to load resource: net::ERR_NAME_NOT_RESOLVED @ http://v1/notifications/stream:0
[  736876ms] [ERROR] Failed to load resource: net::ERR_NAME_NOT_RESOLVED @ http://v1/notifications/stream:0
[  739900ms] [ERROR] Failed to load resource: net::ERR_NAME_NOT_RESOLVED @ http://v1/notifications/stream:0
[  742913ms] [ERROR] Failed to load resource: net::ERR_NAME_NOT_RESOLVED @ http://v1/notifications/stream:0
[  745927ms] [ERROR] Failed to load resource: net::ERR_NAME_NOT_RESOLVED @ http://v1/notifications/stream:0
[  748945ms] [ERROR] Failed to load resource: net::ERR_NAME_NOT_RESOLVED @ http://v1/notifications/stream:0
[  751964ms] [ERROR] Failed to load resource: net::ERR_NAME_NOT_RESOLVED @ http://v1/notifications/stream:0
[  754981ms] [ERROR] Failed to load resource: net::ERR_NAME_NOT_RESOLVED @ http://v1/notifications/stream:0
[  757999ms] [ERROR] Failed to load resource: net::ERR_NAME_NOT_RESOLVED @ http://v1/notifications/stream:0
[  761016ms] [ERROR] Failed to load resource: net::ERR_NAME_NOT_RESOLVED @ http://v1/notifications/stream:0
[  764033ms] [ERROR] Failed to load resource: net::ERR_NAME_NOT_RESOLVED @ http://v1/notifications/stream:0
[  767051ms] [ERROR] Failed to load resource: net::ERR_NAME_NOT_RESOLVED @ http://v1/notifications/stream:0
[  770069ms] [ERROR] Failed to load resource: net::ERR_NAME_NOT_RESOLVED @ http://v1/notifications/stream:0
[  773090ms] [ERROR] Failed to load resource: net::ERR_NAME_NOT_RESOLVED @ http://v1/notifications/stream:0
[  776112ms] [ERROR] Failed to load resource: net::ERR_NAME_NOT_RESOLVED @ http://v1/notifications/stream:0
[  779133ms] [ERROR] Failed to load resource: net::ERR_NAME_NOT_RESOLVED @ http://v1/notifications/stream:0
[  782154ms] [ERROR] Failed to load resource: net::ERR_NAME_NOT_RESOLVED @ http://v1/notifications/stream:0
[  785171ms] [ERROR] Failed to load resource: net::ERR_NAME_NOT_RESOLVED @ http://v1/notifications/stream:0
